---
source: tui/src/startup_draft_tests.rs
assertion_line: 148
expression: "snapshots.join(\"\\n---\\n\")"
---
empty (48 columns):


› Ask Codex to do anything

  ? for shortcuts
---
resuming (48 columns):
  Resuming session…

› Ask Codex to do anything

  ? for shortcuts
---
forking (48 columns):
  Forking session…

› draft while loading


---
multiline (48 columns):


› first startup line
  second startup line


---
narrow (18 columns):


› first startup
  line
  second startup
  line
