---
source: tui/tests/suite/focus_palette.rs
expression: failure.trim()
---
Error: daemon executable not found at [CODEX_HOME]/packages/app-server-daemon/current/bin/codex

repair the existing installation with the fork installation workflow. It must create or repair the managed package link. Then rerun this command.
To work without the background server, rerun the same command with --no-daemon (including resume or fork and its arguments).
